// Jest Snapshot v1, https://goo.gl/fbAQLP

exports[`SocialComponent.vue should create SocialComponent 1`] = `
<div class="container py-0 container--fluid">
  <div class="row no-gutters">
    <div class="col col-auto"><a href="https://github.com/kilian-paquier" target="_blank" class="v-btn v-btn--fab v-btn--icon v-btn--round theme--light v-size--default black--text" aria-haspopup="true" aria-expanded="false"><span class="v-btn__content"><span aria-hidden="true" class="v-icon notranslate theme--light" style="font-size: 30px; height: 30px; width: 30px;"><svg xmlns="http://www.w3.org/2000/svg" viewBox="0 0 24 24" role="img" aria-hidden="true" class="v-icon__svg" style="font-size: 30px; height: 30px; width: 30px;"><path d="M12,2A10,10 0 0,0 2,12C2,16.42 4.87,20.17 8.84,21.5C9.34,21.58 9.5,21.27 9.5,21C9.5,20.77 9.5,20.14 9.5,19.31C6.73,19.91 6.14,17.97 6.14,17.97C5.68,16.81 5.03,16.5 5.03,16.5C4.12,15.88 5.1,15.9 5.1,15.9C6.1,15.97 6.63,16.93 6.63,16.93C7.5,18.45 8.97,18 9.54,17.76C9.63,17.11 9.89,16.67 10.17,16.42C7.95,16.17 5.62,15.31 5.62,11.5C5.62,10.39 6,9.5 6.65,8.79C6.55,8.54 6.2,7.5 6.75,6.15C6.75,6.15 7.59,5.88 9.5,7.17C10.29,6.95 11.15,6.84 12,6.84C12.85,6.84 13.71,6.95 14.5,7.17C16.41,5.88 17.25,6.15 17.25,6.15C17.8,7.5 17.45,8.54 17.35,8.79C18,9.5 18.38,10.39 18.38,11.5C18.38,15.32 16.04,16.16 13.81,16.41C14.17,16.72 14.5,17.33 14.5,18.26C14.5,19.6 14.5,20.68 14.5,21C14.5,21.27 14.66,21.59 15.17,21.5C19.14,20.16 22,16.42 22,12A10,10 0 0,0 12,2Z"></path></svg></span></span></a><span class="v-tooltip v-tooltip--top"><!----></span></div>
    <div class="col col-auto"><a href="https://gitlab.com/kilian-paquier" target="_blank" class="v-btn v-btn--fab v-btn--icon v-btn--round theme--light v-size--default red--text" aria-haspopup="true" aria-expanded="false"><span class="v-btn__content"><span aria-hidden="true" class="v-icon notranslate theme--light" style="font-size: 30px; height: 30px; width: 30px;"><svg xmlns="http://www.w3.org/2000/svg" viewBox="0 0 24 24" role="img" aria-hidden="true" class="v-icon__svg" style="font-size: 30px; height: 30px; width: 30px;"><path d="M21.94 13.11L20.89 9.89C20.89 9.86 20.88 9.83 20.87 9.8L18.76 3.32C18.65 3 18.33 2.75 17.96 2.75C17.6 2.75 17.28 3 17.17 3.33L15.17 9.5H8.84L6.83 3.33C6.72 3 6.4 2.75 6.04 2.75H6.04C5.67 2.75 5.35 3 5.24 3.33L3.13 9.82C3.13 9.82 3.13 9.83 3.13 9.83L2.06 13.11C1.9 13.61 2.07 14.15 2.5 14.45L11.72 21.16C11.89 21.28 12.11 21.28 12.28 21.15L21.5 14.45C21.93 14.15 22.1 13.61 21.94 13.11M8.15 10.45L10.72 18.36L4.55 10.45M13.28 18.37L15.75 10.78L15.85 10.45H19.46L13.87 17.61M17.97 3.94L19.78 9.5H16.16M14.86 10.45L13.07 15.96L12 19.24L9.14 10.45M6.03 3.94L7.84 9.5H4.23M3.05 13.69C2.96 13.62 2.92 13.5 2.96 13.4L3.75 10.97L9.57 18.42M20.95 13.69L14.44 18.42L14.46 18.39L20.25 10.97L21.04 13.4C21.08 13.5 21.04 13.62 20.95 13.69"></path></svg></span></span></a><span class="v-tooltip v-tooltip--top"><!----></span></div>
    <div class="col col-auto"><a href="https://www.linkedin.com/in/kilian-paquier" target="_blank" class="v-btn v-btn--fab v-btn--icon v-btn--round theme--light v-size--default primary--text" aria-haspopup="true" aria-expanded="false"><span class="v-btn__content"><span aria-hidden="true" class="v-icon notranslate theme--light" style="font-size: 30px; height: 30px; width: 30px;"><svg xmlns="http://www.w3.org/2000/svg" viewBox="0 0 24 24" role="img" aria-hidden="true" class="v-icon__svg" style="font-size: 30px; height: 30px; width: 30px;"><path d="M19 3A2 2 0 0 1 21 5V19A2 2 0 0 1 19 21H5A2 2 0 0 1 3 19V5A2 2 0 0 1 5 3H19M18.5 18.5V13.2A3.26 3.26 0 0 0 15.24 9.94C14.39 9.94 13.4 10.46 12.92 11.24V10.13H10.13V18.5H12.92V13.57C12.92 12.8 13.54 12.17 14.31 12.17A1.4 1.4 0 0 1 15.71 13.57V18.5H18.5M6.88 8.56A1.68 1.68 0 0 0 8.56 6.88C8.56 5.95 7.81 5.19 6.88 5.19A1.69 1.69 0 0 0 5.19 6.88C5.19 7.81 5.95 8.56 6.88 8.56M8.27 18.5V10.13H5.5V18.5H8.27Z"></path></svg></span></span></a><span class="v-tooltip v-tooltip--top"><!----></span></div>
    <div class="d-print-none col col-auto"><a href="/pdf/Kilian_PAQUIER_Resume.pdf" class="v-btn v-btn--fab v-btn--icon v-btn--round theme--light v-size--default primary--text" download="" aria-haspopup="true" aria-expanded="false"><span class="v-btn__content"><span aria-hidden="true" class="v-icon notranslate theme--light" style="font-size: 30px; height: 30px; width: 30px;"><svg xmlns="http://www.w3.org/2000/svg" viewBox="0 0 24 24" role="img" aria-hidden="true" class="v-icon__svg" style="font-size: 30px; height: 30px; width: 30px;"><path d="M8 17V15H16V17H8M16 10L12 14L8 10H10.5V6H13.5V10H16M12 2C17.5 2 22 6.5 22 12C22 17.5 17.5 22 12 22C6.5 22 2 17.5 2 12C2 6.5 6.5 2 12 2M12 4C7.58 4 4 7.58 4 12C4 16.42 7.58 20 12 20C16.42 20 20 16.42 20 12C20 7.58 16.42 4 12 4Z"></path></svg></span></span></a><span class="v-tooltip v-tooltip--top"><!----></span></div>
  </div>
</div>
`;
